\BOOKMARK [0][]{sjtubookmark.1.0}{\376\377\230\230\124\015\230\165}{}% 1
\BOOKMARK [0][]{sjtubookmark.2.0}{\376\377\123\237\122\033\140\047\130\360\146\016\123\312\117\177\165\050\143\210\147\103\116\146}{}% 2
\BOOKMARK [0][]{sjtubookmark.3.0}{\376\377\144\130\211\201}{}% 3
\BOOKMARK [0][]{sjtubookmark.4.0}{\376\377\000A\000b\000s\000t\000r\000a\000c\000t}{}% 4
\BOOKMARK [0][]{sjtubookmark.5.0}{\376\377\166\356\137\125}{}% 5
\BOOKMARK [0][]{sjtubookmark.6.0}{\376\377\143\322\126\376}{}% 6
\BOOKMARK [0][]{sjtubookmark.7.0}{\376\377\210\150\150\074}{}% 7
\BOOKMARK [0][]{sjtubookmark.8.0}{\376\377\173\227\154\325}{}% 8
\BOOKMARK [0][]{sjtubookmark.9.0}{\376\377\173\046\123\367\133\371\161\147\210\150}{}% 9
\BOOKMARK [0][]{chapter.1}{\376\377\173\054\000\040\0001\000\040\172\340\000\040\176\352\213\272}{}% 10
\BOOKMARK [1][-]{section.1.1}{\376\377\0001\000.\0001\000\040\170\024\172\166\200\314\146\157\116\016\141\017\116\111}{chapter.1}% 11
\BOOKMARK [2][-]{subsection.1.1.1}{\376\377\0001\000.\0001\000.\0001\000\040\200\375\156\220\217\154\127\213\116\016\176\377\154\042\142\030\165\145}{section.1.1}% 12
\BOOKMARK [2][-]{subsection.1.1.2}{\376\377\0001\000.\0001\000.\0002\000\040\154\342\122\250\140\047\165\065\156\220\220\002\221\115\143\021\142\030}{section.1.1}% 13
\BOOKMARK [2][-]{subsection.1.1.3}{\376\377\0001\000.\0001\000.\0003\000\040\131\032\151\375\123\117\214\003\143\247\122\066\226\276\160\271}{section.1.1}% 14
\BOOKMARK [1][-]{section.1.2}{\376\377\0001\000.\0002\000\040\126\375\121\205\131\026\170\024\172\166\163\260\162\266}{chapter.1}% 15
\BOOKMARK [2][-]{subsection.1.2.1}{\376\377\0001\000.\0002\000.\0001\000\040\117\040\176\337\143\247\122\066\145\271\154\325}{section.1.2}% 16
\BOOKMARK [2][-]{subsection.1.2.2}{\376\377\0001\000.\0002\000.\0002\000\040\000A\000I\232\161\122\250\143\247\122\066\145\271\154\325}{section.1.2}% 17
\BOOKMARK [2][-]{subsection.1.2.3}{\376\377\0001\000.\0002\000.\0003\000\040\165\037\142\020\152\041\127\213\145\271\154\325}{section.1.2}% 18
\BOOKMARK [1][-]{section.1.3}{\376\377\0001\000.\0003\000\040\170\024\172\166\121\205\133\271\116\016\116\073\211\201\215\041\163\056}{chapter.1}% 19
\BOOKMARK [2][-]{subsection.1.3.1}{\376\377\0001\000.\0003\000.\0001\000\040\170\024\172\166\121\205\133\271}{section.1.3}% 20
\BOOKMARK [2][-]{subsection.1.3.2}{\376\377\0001\000.\0003\000.\0002\000\040\116\073\211\201\215\041\163\056}{section.1.3}% 21
\BOOKMARK [1][-]{section.1.4}{\376\377\0001\000.\0004\000\040\213\272\145\207\176\304\176\307\176\323\147\204}{chapter.1}% 22
\BOOKMARK [0][]{chapter.2}{\376\377\173\054\000\040\0002\000\040\172\340\000\040\170\024\172\166\151\202\217\360\116\016\142\200\147\057\215\357\176\277}{}% 23
\BOOKMARK [1][-]{section.2.1}{\376\377\0002\000.\0001\000\040\174\373\176\337\145\164\117\123\147\266\147\204}{chapter.2}% 24
\BOOKMARK [2][-]{subsection.2.1.1}{\376\377\0002\000.\0001\000.\0001\000\040\210\253\143\247\133\371\214\141\143\317\217\360}{section.2.1}% 25
\BOOKMARK [2][-]{subsection.2.1.2}{\376\377\0002\000.\0001\000.\0002\000\040\143\247\122\066\166\356\150\007}{section.2.1}% 26
\BOOKMARK [1][-]{section.2.2}{\376\377\0002\000.\0002\000\040\142\200\147\057\215\357\176\277\133\371\153\324\122\006\147\220}{chapter.2}% 27
\BOOKMARK [2][-]{subsection.2.2.1}{\376\377\0002\000.\0002\000.\0001\000\040\116\015\124\014\143\247\122\066\145\271\154\325\133\371\153\324}{section.2.2}% 28
\BOOKMARK [2][-]{subsection.2.2.2}{\376\377\0002\000.\0002\000.\0002\000\040\142\151\145\143\152\041\127\213\116\016\155\101\123\071\221\115\166\204\164\006\213\272\200\314\146\157}{section.2.2}% 29
\BOOKMARK [2][-]{subsection.2.2.3}{\376\377\0002\000.\0002\000.\0003\000\040\142\200\147\057\215\357\176\277\220\011\142\351}{section.2.2}% 30
\BOOKMARK [1][-]{section.2.3}{\376\377\0002\000.\0003\000\040\170\024\172\166\150\106\147\266\116\016\142\200\147\057\215\357\176\277}{chapter.2}% 31
\BOOKMARK [2][-]{subsection.2.3.1}{\376\377\0002\000.\0003\000.\0001\000\040\000T\000C\000N\000\040\000D\000i\000f\000f\000u\000s\000i\000o\000n\143\247\122\066\150\106\147\266}{section.2.3}% 32
\BOOKMARK [2][-]{subsection.2.3.2}{\376\377\0002\000.\0003\000.\0002\000\040\145\164\117\123\170\024\172\166\150\106\147\266}{section.2.3}% 33
\BOOKMARK [2][-]{subsection.2.3.3}{\376\377\0002\000.\0003\000.\0003\000\040\213\346\176\306\142\200\147\057\215\357\176\277}{section.2.3}% 34
\BOOKMARK [1][-]{section.2.4}{\376\377\0002\000.\0004\000\040\116\377\167\037\136\163\123\360\147\266\147\204}{chapter.2}% 35
\BOOKMARK [2][-]{subsection.2.4.1}{\376\377\0002\000.\0004\000.\0001\000\040\217\157\116\366\150\106\147\266}{section.2.4}% 36
\BOOKMARK [2][-]{subsection.2.4.2}{\376\377\0002\000.\0004\000.\0002\000\040\131\032\145\366\225\364\134\072\136\246\131\004\164\006}{section.2.4}% 37
\BOOKMARK [2][-]{subsection.2.4.3}{\376\377\0002\000.\0004\000.\0003\000\040\133\236\232\214\145\160\143\156}{section.2.4}% 38
\BOOKMARK [0][]{chapter.3}{\376\377\173\054\000\040\0003\000\040\172\340\000\040\225\356\230\230\136\372\152\041\060\001\116\377\167\037\116\016\143\247\122\066\126\150\213\276\213\241}{}% 39
\BOOKMARK [1][-]{section.3.1}{\376\377\0003\000.\0001\000\040\123\125\151\375\000A\000W\000E\174\373\176\337\136\372\152\041}{chapter.3}% 40
\BOOKMARK [2][-]{subsection.3.1.1}{\376\377\0003\000.\0001\000.\0001\000\040\123\125\151\375\165\065\123\026\133\146\152\041\127\213}{section.3.1}% 41
\BOOKMARK [2][-]{subsection.3.1.2}{\376\377\0003\000.\0001\000.\0002\000\040\123\125\151\375\160\355\122\233\133\146\152\041\127\213}{section.3.1}% 42
\BOOKMARK [2][-]{subsection.3.1.3}{\376\377\0003\000.\0001\000.\0003\000\040\123\125\151\375\154\042\154\024\117\040\217\223\116\016\000H\000T\000O\152\041\127\213}{section.3.1}% 43
\BOOKMARK [1][-]{section.3.2}{\376\377\0003\000.\0002\000\040\131\032\151\375\200\046\124\010\174\373\176\337\136\372\152\041}{chapter.3}% 44
\BOOKMARK [2][-]{subsection.3.2.1}{\376\377\0003\000.\0002\000.\0001\000\040\174\373\176\337\162\266\140\001\116\016\143\247\122\066\217\223\121\145}{section.3.2}% 45
\BOOKMARK [2][-]{subsection.3.2.2}{\376\377\0003\000.\0002\000.\0002\000\040\131\032\151\375\200\046\124\010\160\355\122\233\133\146\152\041\127\213}{section.3.2}% 46
\BOOKMARK [2][-]{subsection.3.2.3}{\376\377\0003\000.\0002\000.\0003\000\040\131\032\151\375\154\042\154\024\117\040\217\223\116\016\000H\000T\000O\152\041\127\213}{section.3.2}% 47
\BOOKMARK [2][-]{subsection.3.2.4}{\376\377\0003\000.\0002\000.\0004\000\040\000N\151\375\200\046\124\010\162\171\140\047\140\073\176\323}{section.3.2}% 48
\BOOKMARK [2][-]{subsection.3.2.5}{\376\377\0003\000.\0002\000.\0005\000\040\147\054\145\207\133\236\232\214\174\373\176\337\377\032\126\333\151\375\162\171\117\213}{section.3.2}% 49
\BOOKMARK [1][-]{section.3.3}{\376\377\0003\000.\0003\000\040\000N\000M\000P\000C\127\372\176\277\213\276\213\241}{chapter.3}% 50
\BOOKMARK [2][-]{subsection.3.3.1}{\376\377\0003\000.\0003\000.\0001\000\040\123\314\134\102\145\366\225\364\134\072\136\246\136\372\152\041}{section.3.3}% 51
\BOOKMARK [2][-]{subsection.3.3.2}{\376\377\0003\000.\0003\000.\0002\000\040\174\373\176\337\122\250\122\233\133\146\171\273\145\143\123\026}{section.3.3}% 52
\BOOKMARK [2][-]{subsection.3.3.3}{\376\377\0003\000.\0003\000.\0003\000\040\000N\000M\000P\000C\117\030\123\026\225\356\230\230\136\372\152\041}{section.3.3}% 53
\BOOKMARK [2][-]{subsection.3.3.4}{\376\377\0003\000.\0003\000.\0004\000\040\176\246\147\137\147\141\116\366}{section.3.3}% 54
\BOOKMARK [2][-]{subsection.3.3.5}{\376\377\0003\000.\0003\000.\0005\000\040\000C\000a\000s\000A\000D\000i\000/\000I\000P\000O\000P\000T\133\236\163\260}{section.3.3}% 55
\BOOKMARK [2][-]{subsection.3.3.6}{\376\377\0003\000.\0003\000.\0006\000\040\134\100\226\120\140\047\122\006\147\220}{section.3.3}% 56
\BOOKMARK [1][-]{section.3.4}{\376\377\0003\000.\0004\000\040\165\037\142\020\152\041\127\213\173\126\165\145\213\276\213\241}{chapter.3}% 57
\BOOKMARK [2][-]{subsection.3.4.1}{\376\377\0003\000.\0004\000.\0001\000\040\142\151\145\143\152\041\127\213\173\126\165\145\377\010\000D\000i\000f\000f\000u\000s\000i\000o\000n\000\040\000P\000o\000l\000i\000c\000y\377\011}{section.3.4}% 58
\BOOKMARK [2][-]{subsection.3.4.2}{\376\377\0003\000.\0004\000.\0002\000\040\155\101\123\071\221\115\173\126\165\145\377\010\000F\000l\000o\000w\000\040\000M\000a\000t\000c\000h\000i\000n\000g\377\011}{section.3.4}% 59
\BOOKMARK [2][-]{subsection.3.4.3}{\376\377\0003\000.\0004\000.\0003\000\040\177\121\176\334\147\266\147\204}{section.3.4}% 60
\BOOKMARK [2][-]{subsection.3.4.4}{\376\377\0003\000.\0004\000.\0004\000\040\142\020\147\054\122\240\147\103\122\250\117\134\220\011\142\351}{section.3.4}% 61
\BOOKMARK [1][-]{section.3.5}{\376\377\0003\000.\0005\000\040\127\372\116\216\000C\000B\000F\166\204\133\211\121\150\130\236\137\072}{chapter.3}% 62
\BOOKMARK [2][-]{subsection.3.5.1}{\376\377\0003\000.\0005\000.\0001\000\040\143\247\122\066\134\117\226\234\121\375\145\160\127\372\170\100}{section.3.5}% 63
\BOOKMARK [2][-]{subsection.3.5.2}{\376\377\0003\000.\0005\000.\0002\000\040\000A\000W\000E\174\373\176\337\176\246\147\137\122\006\174\173}{section.3.5}% 64
\BOOKMARK [2][-]{subsection.3.5.3}{\376\377\0003\000.\0005\000.\0003\000\040\000Q\000P\142\225\137\161\134\102}{section.3.5}% 65
\BOOKMARK [1][-]{section.3.6}{\376\377\0003\000.\0006\000\040\133\236\232\214\232\214\213\301\116\016\176\323\147\234\122\006\147\220}{chapter.3}% 66
\BOOKMARK [2][-]{subsection.3.6.1}{\376\377\0003\000.\0006\000.\0001\000\040\133\236\232\214\213\276\177\156}{section.3.6}% 67
\BOOKMARK [2][-]{subsection.3.6.2}{\376\377\0003\000.\0006\000.\0002\000\040\225\355\163\257\116\377\167\037\176\323\147\234}{section.3.6}% 68
\BOOKMARK [2][-]{subsection.3.6.3}{\376\377\0003\000.\0006\000.\0003\000\040\155\210\207\215\133\236\232\214}{section.3.6}% 69
\BOOKMARK [0][]{chapter.4}{\376\377\173\054\000\040\0004\000\040\172\340\000\040\176\323\213\272\116\016\134\125\147\033}{}% 70
\BOOKMARK [1][-]{section.4.1}{\376\377\0004\000.\0001\000\040\116\073\211\201\176\323\213\272}{chapter.4}% 71
\BOOKMARK [2][-]{subsection.4.1.1}{\376\377\0004\000.\0001\000.\0001\000\040\140\047\200\375\140\073\176\323}{section.4.1}% 72
\BOOKMARK [2][-]{subsection.4.1.2}{\376\377\0004\000.\0001\000.\0002\000\040\145\271\154\325\133\371\153\324\140\073\176\323}{section.4.1}% 73
\BOOKMARK [1][-]{section.4.2}{\376\377\0004\000.\0002\000\040\122\033\145\260\160\271}{chapter.4}% 74
\BOOKMARK [1][-]{section.4.3}{\376\377\0004\000.\0003\000\040\134\100\226\120\140\047\116\016\147\052\147\145\135\345\117\134}{chapter.4}% 75
\BOOKMARK [2][-]{subsection.4.3.1}{\376\377\0004\000.\0003\000.\0001\000\040\170\024\172\166\134\100\226\120\140\047}{section.4.3}% 76
\BOOKMARK [2][-]{subsection.4.3.2}{\376\377\0004\000.\0003\000.\0002\000\040\147\052\147\145\170\024\172\166\145\271\124\021}{section.4.3}% 77
\BOOKMARK [1][-]{section.4.4}{\376\377\0004\000.\0004\000\040\140\073\176\323}{chapter.4}% 78
\BOOKMARK [0][]{appendix.A}{\376\377\226\104\137\125\000\040\000A\000\040\000M\000a\000x\000w\000e\000l\000l\000\040\000E\000q\000u\000a\000t\000i\000o\000n\000s}{}% 79
\BOOKMARK [0][]{appendix.B}{\376\377\226\104\137\125\000\040\000B\000\040\176\330\122\066\155\101\172\013\126\376}{}% 80
\BOOKMARK [0][]{section*.33}{\376\377\201\364\214\042}{}% 81
\BOOKMARK [0][]{section*.35}{\376\377\133\146\147\057\213\272\145\207\124\214\171\321\170\024\142\020\147\234\166\356\137\125}{}% 82
\BOOKMARK [0][]{section*.39}{\376\377\116\052\116\272\173\200\123\206}{}% 83
